---
source: cas-cli/tests/component_output_test.rs
assertion_line: 192
expression: redacted
---
cas doctor
──────────────────────────────────────────────────
[OK] cas directory: Found at [TEMP_PATH]
[OK] database: SQLite database found
[OK] schema: v240 (up to date)
[OK] supervisor relay: no undelivered lifecycle relays
[OK] delivery retries: no pending message has spent 3+ attempts
[OK] tables: [N] tables, 777 columns, 203 rows total
[OK] entry store: [N] entries accessible
[WARN] search index: Index not found. Will be created on first search.
[WARN] symbol index: nothing indexed for this project (0 symbol(s) in the store across all repositories); the code search index is missing. The daemon only indexes while idle — run `cas index code` to catch up now.
[OK] embedding drain: no cloud embedding capability (not logged in); nothing is queued
[WARN] code history index: cannot check code history index: not a git repository: [TEMP_PATH] ([GIT_NOT_REPOSITORY])
[OK] configuration: Loaded (sync: enabled)
[OK] sync target: Will sync to .claude/rules/cas (not yet created)
[OK] memory stats: [N] total () | tiers:  | compressed: [N] | helpful: [N] | harmful: [N]
[OK] rules: [N] rules ()
[OK] tasks: [N] tasks () | 0 open, 0 blocked
[OK] embeddings: No local vector embeddings (semantic search uses cloud).
[OK] mcp config: MCP configured in .mcp.json
[OK] integrations: no integrations configured
[OK] canonical id: Cloud bucket `[BUCKET]` (from folder name)
[OK] cross-project rows: [N] project DB(s) compared (0 local task row(s), 0 DB(s) unreadable) — task replication was not checked; 0 foreign knowledge page(s): [N] attributed page(s) checked

[WARN] All critical checks passed with some warnings.
