---
source: cas-cli/tests/component_output_test.rs
expression: redacted
---
cas doctor · [PROJECT] · [VERSION]
────────────────────────────────────────────────────────────────────────────────
Store         [OK] cas directory  [OK] database  [OK] schema  [OK] tables  [OK] entry store  [OK] memory stats  [OK] memory decay  [OK] rules  [OK] tasks
Indexes       [OK] legacy search index  [OK] embedding drain  [OK] embeddings
  [WARN] search index        Index not found at [CAS_PATH] Will be created on first search; Run a search to build it
  [WARN] symbol index        nothing indexed for this project (0 symbol(s) in the store across all repositories); the code search index is missing. The daemon only indexes while idle
  → run `cas index code` to catch up now.
  [WARN] code history index  cannot check code history index: not a git repository: [TEMP_PATH] ([GIT_NOT_REPOSITORY])
Cloud         [OK] supervisor relay  [OK] delivery retries  [OK] canonical id  [OK] cloud sync queue  [OK] cross-project rows
Config        [OK] configuration  [OK] MCP stdio upstreams  [OK] sync target  [OK] mcp config  [OK] user skills
Integrations  [OK] integrations
  [WARN] mecha-cassy  not registered on this machine ([TEMP_PATH] has no mecha-cassy server)
  → Run `cas integrate mecha-cassy`

23 ok · 4 warnings · 0 errors · [DURATION]
